[2026-05-31 18:45:00] Translation TODO/DONE Log
========================================

TODO:
- (empty)

DONE:
- [x] /home/fcjbispo/Dev/Projects/Factory/docs/agents/senior-architect.md
- [x] /home/fcjbispo/Dev/Projects/Factory/docs/agents/code-reviewer.md
- [x] /home/fcjbispo/Dev/Projects/Factory/docs/agents/db-architect.md
- [x] /home/fcjbispo/Dev/Projects/Factory/docs/agents/devops-sre.md
- [x] /home/fcjbispo/Dev/Projects/Factory/docs/agents/fullstack-developer.md
- [x] /home/fcjbispo/Dev/Projects/Factory/docs/agents/qa-tester.md
- [x] /home/fcjbispo/Dev/Projects/Factory/docs/agents/README.md
- [x] /home/fcjbispo/Dev/Projects/Factory/docs/agents/security-analyst.md
- [x] /home/fcjbispo/Dev/Projects/Factory/docs/templates/adr/INDEX.md
- [x] /home/fcjbispo/Dev/Projects/Factory/docs/templates/adr/_template.md
- [x] /home/fcjbispo/Dev/Projects/Factory/docs/templates/api/INDEX.md
- [x] /home/fcjbispo/Dev/Projects/Factory/docs/templates/architecture/overview.md
- [x] /home/fcjbispo/Dev/Projects/Factory/docs/templates/backlog/backlog-rules.md
- [x] /home/fcjbispo/Dev/Projects/Factory/docs/templates/backlog/data/INDEX.md
- [x] /home/fcjbispo/Dev/Projects/Factory/docs/templates/backlog/dependencies/INDEX.md
- [x] /home/fcjbispo/Dev/Projects/Factory/docs/templates/backlog/documentation/INDEX.md
- [x] /home/fcjbispo/Dev/Projects/Factory/docs/templates/backlog/improvements/INDEX.md
- [x] /home/fcjbispo/Dev/Projects/Factory/docs/templates/backlog/INDEX.md
- [x] /home/fcjbispo/Dev/Projects/Factory/docs/templates/backlog/issues/INDEX.md
- [x] /home/fcjbispo/Dev/Projects/Factory/docs/templates/backlog/performance/INDEX.md
- [x] /home/fcjbispo/Dev/Projects/Factory/docs/templates/backlog/RESEARCH.md
- [x] /home/fcjbispo/Dev/Projects/Factory/docs/templates/backlog/security/INDEX.md
- [x] /home/fcjbispo/Dev/Projects/Factory/docs/templates/backlog/tech-debt/INDEX.md
- [x] /home/fcjbispo/Dev/Projects/Factory/docs/templates/backlog/_template.md
- [x] /home/fcjbispo/Dev/Projects/Factory/docs/templates/database/INDEX.md
- [x] /home/fcjbispo/Dev/Projects/Factory/docs/templates/decisions/INDEX.md
- [x] /home/fcjbispo/Dev/Projects/Factory/docs/templates/decisions/_template.md
- [x] /home/fcjbispo/Dev/Projects/Factory/docs/templates/design/INDEX.md
- [x] /home/fcjbispo/Dev/Projects/Factory/docs/templates/design/_template.md
- [x] /home/fcjbispo/Dev/Projects/Factory/docs/templates/domain/context-map.md
- [x] /home/fcjbispo/Dev/Projects/Factory/docs/templates/domain/INDEX.md
- [x] /home/fcjbispo/Dev/Projects/Factory/docs/templates/domain/_template-bounded-context.md
- [x] /home/fcjbispo/Dev/Projects/Factory/docs/templates/domain/_template-ubiquitous-language.md
- [x] /home/fcjbispo/Dev/Projects/Factory/docs/templates/GUIDE.md
- [x] /home/fcjbispo/Dev/Projects/Factory/docs/templates/INDEX.md
- [x] /home/fcjbispo/Dev/Projects/Factory/docs/templates/operations/INDEX.md
- [x] /home/fcjbispo/Dev/Projects/Factory/docs/templates/operations/postmortems/_template.md
- [x] /home/fcjbispo/Dev/Projects/Factory/docs/templates/security/INDEX.md
- [x] /home/fcjbispo/Dev/Projects/Factory/docs/templates/security/threat-models/_template.md
- [x] /home/fcjbispo/Dev/Projects/Factory/docs/templates/testing/test-strategy.md
- [x] /home/fcjbispo/Dev/Projects/Factory/FACTORY-GUIDE.md
- [x] /home/fcjbispo/Dev/Projects/Factory/README.md
